Script ran at: 2026-09-28 02:30:57.402887